CxlResult:C:\Users\waden\Documents\VivadoProjects\hdmi_bridge\hdmi_bridge.cache\compile_simlib\modelsim/secureip/.cxl.ver.secureip.secureip.rpt =
	ExecutionPlatform = nt64 ,
	SourceLibrary = secureip ,
	SourcePath = C:/Xilinx/Vivado/2023.2/data/secureip ,
	Simulator = modelsim ,
	SimulatorVersion = 2020.1 ,
	CompiledLibrary = secureip ,
	CompiledPath = C:\Users\waden\Documents\VivadoProjects\hdmi_bridge\hdmi_bridge.cache\compile_simlib\modelsim/secureip ,
	Timestamp = Tue Aug 26 09:26:16 2025 ,
	Time = 1756214776 ,
	Language = verilog ,
	XilinxVersion = 2023.2 ,
	LogFile = C:\Users\waden\Documents\VivadoProjects\hdmi_bridge\hdmi_bridge.cache\compile_simlib\modelsim/secureip/.cxl.ver.secureip.secureip.log ,
	NumOfErrors = 1 ,
	NumOfWarnings = 0 ,
	Error = C:/intelFPGA_lite/20.1/modelsim_ase/win32aloem/vlog  -sv -svinputport=relaxed -suppress vlog-2583 -work secureip -f C:\Users\waden\Documents\VivadoProjects\hdmi_bridge\hdmi_bridge.cache\compile_simlib\modelsim/secureip/.cxl.sv.secureip.secureip.cmf ,
